// Jest Snapshot v1, https://goo.gl/fbAQLP

exports[`Avatar Should not render an avatar if no image is passed 1`] = `null`;

exports[`Avatar Should render avatar image 1`] = `
<View
  accessibilityState={
    {
      "busy": undefined,
      "checked": undefined,
      "disabled": undefined,
      "expanded": undefined,
      "selected": undefined,
    }
  }
  accessibilityValue={
    {
      "max": undefined,
      "min": undefined,
      "now": undefined,
      "text": undefined,
    }
  }
  accessible={true}
  collapsable={false}
  focusable={true}
  onClick={[Function]}
  onResponderGrant={[Function]}
  onResponderMove={[Function]}
  onResponderRelease={[Function]}
  onResponderTerminate={[Function]}
  onResponderTerminationRequest={[Function]}
  onStartShouldSetResponder={[Function]}
  style={
    {
      "alignItems": "center",
      "borderRadius": 40,
      "height": 80,
      "justifyContent": "center",
      "opacity": 1,
      "width": 80,
    }
  }
  testID="avatar"
>
  <View
    style={
      [
        {
          "borderRadius": 37.5,
          "height": 75,
          "width": 75,
        },
      ]
    }
    width={75}
  >
    <Image
      radius={37.5}
      source={
        {
          "uri": "https://images.unsplash.com/photo-1579353977828-2a4eab540b9a",
        }
      }
      style={
        [
          {
            "borderRadius": 37.5,
            "height": "100%",
            "width": "100%",
          },
        ]
      }
    />
  </View>
</View>
`;
